// Vitest Snapshot v1, https://vitest.dev/guide/snapshot.html

exports[`Card > HTMLとスタイルが変わらないこと 1`] = `
<DocumentFragment>
  <ul
    class="grid grid-flow-row gap-4 grid-cols-card-list"
  >
    <li>
      <article
        class="border-2 border-primary bg-white"
      >
        <a
          href="/posts/1"
        >
          <figure
            class="border-b-2 border-primary"
          >
            <img
              alt="画像の説明"
              height="600"
              src="https://example.com/image.jpg?w=600&h=600&q=80&dpx=3&fm=webp"
              width="600"
            />
          </figure>
          <div
            class="p-4"
          >
            <h2
              class="font-bold text-base mb-1 text-primary"
            >
              タイトル
            </h2>
            <div
              class="flex flex-wrap justify-between items-center"
            >
              <span
                class="text-xs text-secondary"
              >
                <time
                  datetime="2021-01-01T00:00:00.000Z"
                >
                  2021-01-01T00:00:00.000Z
                </time>
              </span>
              <span
                class="text-xs rounded-full bg-secondary text-white px-2 py-1"
                data-testid="category"
              >
                カテゴリ名
              </span>
            </div>
          </div>
        </a>
      </article>
    </li>
  </ul>
</DocumentFragment>
`;
